// Jest Snapshot v1, https://goo.gl/fbAQLP

exports[`Login screen renders correctly 1`] = `
<RCTScrollView
  collapsable={false}
  contentContainerStyle={
    Object {
      "flexGrow": 1,
    }
  }
  keyboardShouldPersistTaps="handled"
  onGestureHandlerEvent={[Function]}
  onGestureHandlerStateChange={[Function]}
>
  <View>
    <View
      onLayout={[Function]}
      style={
        Array [
          Object {
            "flex": 1,
            "marginHorizontal": 20,
          },
          Object {
            "paddingBottom": 0,
          },
        ]
      }
    >
      <View
        style={
          Object {
            "alignItems": "center",
            "flex": 1,
            "justifyContent": "center",
          }
        }
      >
        <Text
          style={
            Object {
              "fontSize": 40,
              "fontStyle": "italic",
              "fontWeight": "bold",
            }
          }
        >
          Simply Run
        </Text>
      </View>
      <View
        style={
          Object {
            "flex": 2,
          }
        }
      >
        <TextInput
          allowFontScaling={true}
          autoCapitalize="none"
          keyboardType="email-address"
          onChangeText={[Function]}
          onSubmitEditing={[Function]}
          placeholder="Email"
          rejectResponderTermination={true}
          returnKeyType="next"
          style={
            Object {
              "borderColor": "lightgrey",
              "borderWidth": 1,
              "height": 50,
              "justifyContent": "center",
              "maxHeight": 50,
              "padding": 8,
            }
          }
          underlineColorAndroid="transparent"
          value={null}
        />
        <TextInput
          allowFontScaling={true}
          autoCapitalize="none"
          keyboardType="email-address"
          onChangeText={[Function]}
          onSubmitEditing={[Function]}
          placeholder="Password"
          rejectResponderTermination={true}
          returnKeyType="done"
          secureTextEntry={true}
          style={
            Object {
              "borderColor": "lightgrey",
              "borderWidth": 1,
              "height": 50,
              "justifyContent": "center",
              "maxHeight": 50,
              "padding": 8,
            }
          }
          underlineColorAndroid="transparent"
          value={null}
        />
        <View
          accessible={true}
          focusable={true}
          isTVSelectable={true}
          onClick={[Function]}
          onResponderGrant={[Function]}
          onResponderMove={[Function]}
          onResponderRelease={[Function]}
          onResponderTerminate={[Function]}
          onResponderTerminationRequest={[Function]}
          onStartShouldSetResponder={[Function]}
          style={
            Object {
              "opacity": 1,
            }
          }
        >
          <View
            style={
              Object {
                "alignItems": "center",
                "backgroundColor": "lightgray",
                "height": 50,
                "justifyContent": "center",
                "paddingHorizontal": 15,
              }
            }
          >
            <Text
              style={
                Object {
                  "color": "black",
                  "fontSize": 20,
                }
              }
            >
              Sign In!
            </Text>
          </View>
        </View>
        <View
          style={
            Object {
              "alignItems": "center",
              "flexDirection": "row",
              "height": 75,
              "justifyContent": "center",
            }
          }
        >
          <Text
            style={
              Object {
                "fontSize": 18,
              }
            }
          >
            Don't have an account?
          </Text>
          <View
            accessibilityRole="button"
            accessibilityStates={Array []}
            accessible={true}
            focusable={true}
            isTVSelectable={true}
            onClick={[Function]}
            onResponderGrant={[Function]}
            onResponderMove={[Function]}
            onResponderRelease={[Function]}
            onResponderTerminate={[Function]}
            onResponderTerminationRequest={[Function]}
            onStartShouldSetResponder={[Function]}
            style={
              Object {
                "opacity": 1,
              }
            }
          >
            <View
              style={
                Array [
                  Object {},
                ]
              }
            >
              <Text
                style={
                  Array [
                    Object {
                      "color": "#007AFF",
                      "fontSize": 18,
                      "padding": 8,
                      "textAlign": "center",
                    },
                  ]
                }
              >
                Sign Up!
              </Text>
            </View>
          </View>
        </View>
        <View
          accessible={true}
          focusable={true}
          isTVSelectable={true}
          onClick={[Function]}
          onResponderGrant={[Function]}
          onResponderMove={[Function]}
          onResponderRelease={[Function]}
          onResponderTerminate={[Function]}
          onResponderTerminationRequest={[Function]}
          onStartShouldSetResponder={[Function]}
          style={
            Object {
              "opacity": 1,
            }
          }
        >
          <View
            style={
              Object {
                "alignItems": "center",
                "backgroundColor": "red",
                "height": 50,
                "justifyContent": "center",
                "maxHeight": 50,
                "padding": 8,
              }
            }
          >
            <Text
              style={
                Object {
                  "color": "white",
                  "fontSize": 20,
                }
              }
            >
              DEV:Skip Login
            </Text>
          </View>
        </View>
      </View>
    </View>
  </View>
</RCTScrollView>
`;
